 gcc -g p1original.c
 ./a.out
enter any two numbers
5
6
5+6=11 gdb a.out
GNU gdb (Ubuntu 8.1.1-0ubuntu1) 8.1.1
Copyright (C) 2018 Free Software Foundation, Inc.
License GPLv3+: GNU GPL version 3 or later <http://gnu.org/licenses/gpl.html>
This is free software: you are free to change and redistribute it.
There is NO WARRANTY, to the extent permitted by law.  Type "show copying"
and "show warranty" for details.
This GDB was configured as "x86_64-linux-gnu".
Type "show configuration" for configuration details.
For bug reporting instructions, please see:
<http://www.gnu.org/software/gdb/bugs/>.
Find the GDB manual and other documentation resources online at:
<http://www.gnu.org/software/gdb/documentation/>.
For help, type "help".
Type "apropos word" to search for commands related to "word"...
Reading symbols from a.out...done.
(gdb) b main 
Breakpoint 1 at 0x772: file p1original.c, line 3.
(gdb) r
Starting program: /home/runner/pps-test1-poojas2003-43/a.out 
warning: Error disabling address space randomization: Operation not permitted

Breakpoint 1, main () at p1original.c:3
3   {
(gdb) n
5     printf("enter any two numbers\n");
(gdb) n
enter any two numbers
6     scanf("%d%d",&a,&b);
(gdb) n
4
5
7     c=a+b;
(gdb) n
8     printf("%d+%d=%d",a,b,c);
(gdb) n
9     return 0;
(gdb) n
10  }(gdb) c
Continuing.
4+5=9[Inferior 1 (process 147) exited normally]
(gdb) 