gcc -g p2original.c
 gdb a.out
GNU gdb (Ubuntu 8.1.1-0ubuntu1) 8.1.1
Copyright (C) 2018 Free Software Foundation, Inc.
License GPLv3+: GNU GPL version 3 or later <http://gnu.org/licenses/gpl.html>
This is free software: you are free to change and redistribute it.
There is NO WARRANTY, to the extent permitted by law.  Type "show copying"
and "show warranty" for details.
This GDB was configured as "x86_64-linux-gnu".
Type "show configuration" for configuration details.
For bug reporting instructions, please see:
<http://www.gnu.org/software/gdb/bugs/>.
Find the GDB manual and other documentation resources online at:
<http://www.gnu.org/software/gdb/documentation/>.
For help, type "help".
Type "apropos word" to search for commands related to "word"...
Reading symbols from a.out...done.
(gdb) b main
Breakpoint 1 at 0x810: file p2original.c, line 21.
(gdb) r
Starting program: /home/runner/pps-test1-poojas2003-48/a.out 
warning: Error disabling address space randomization: Operation not permitted

Breakpoint 1, main () at p2original.c:21
21  int a=input();
(gdb) s
input () at p2original.c:3
3   {
(gdb) n
5     printf("enter the value of a\n");
(gdb) n
enter the value of a
6     scanf("%d",&a);
(gdb) n
9
7     return a;
(gdb) n
8   }
(gdb) n
main () at p2original.c:22
22  int b=input();
(gdb) s
input () at p2original.c:3
3   {
(gdb) n
5     printf("enter the value of a\n");
(gdb) n
enter the value of a
6     scanf("%d",&a);
(gdb) n
 
 gcc -g p2original.c
 gdb a.out
GNU gdb (Ubuntu 8.1.1-0ubuntu1) 8.1.1
Copyright (C) 2018 Free Software Foundation, Inc.
License GPLv3+: GNU GPL version 3 or later <http://gnu.org/licenses/gpl.html>
This is free software: you are free to change and redistribute it.
There is NO WARRANTY, to the extent permitted by law.  Type "show copying"
and "show warranty" for details.
This GDB was configured as "x86_64-linux-gnu".
Type "show configuration" for configuration details.
For bug reporting instructions, please see:
<http://www.gnu.org/software/gdb/bugs/>.
Find the GDB manual and other documentation resources online at:
<http://www.gnu.org/software/gdb/documentation/>.
For help, type "help".
 
 gcc -g p2original.c
 gdb a.out
GNU gdb (Ubuntu 8.1.1-0ubuntu1) 8.1.1
Copyright (C) 2018 Free Software Foundation, Inc.
License GPLv3+: GNU GPL version 3 or later <http://gnu.org/licenses/gpl.html>
This is free software: you are free to change and redistribute it.
There is NO WARRANTY, to the extent permitted by law.  Type "show copying"
and "show warranty" for details.
This GDB was configured as "x86_64-linux-gnu".
Type "show configuration" for configuration details.
For bug reporting instructions, please see:
<http://www.gnu.org/software/gdb/bugs/>.
Find the GDB manual and other documentation resources online at:
<http://www.gnu.org/software/gdb/documentation/>.
For help, type "help".
Type "apropos word" to search for commands related to "word"...
Reading symbols from a.out...done.
(gdb) b main
Breakpoint 1 at 0x810: file p2original.c, line 21.
(gdb) r
Starting program: /home/runner/pps-test1-poojas2003-48/a.out 
warning: Error disabling address space randomization: Operation not permitted

Breakpoint 1, main () at p2original.c:21
21  int a=input();
(gdb) s
input () at p2original.c:3
3   {
(gdb) n
5     printf("enter value of a\n");
(gdb) n
enter value of a
6     scanf("%d",&a);
(gdb) n
8
7     return a;
(gdb) p a
$1 = 8
(gdb) n
8   }
(gdb) n
main () at p2original.c:22
22  int b=input();
(gdb) s
input () at p2original.c:3
3   {
(gdb) n
5     printf("enter value of a\n");
(gdb) n
enter value of a
6     scanf("%d",&a);
(gdb) n
8
7     return a;
(gdb) p a
$2 = 8
(gdb) n
8   }
(gdb) n
main () at p2original.c:23
23  int c=add(a,b);
(gdb) p a
$3 = 8
(gdb) p a
$4 = 8
(gdb) s
 
 gcc -g p2original.c
 gdb a.out
GNU gdb (Ubuntu 8.1.1-0ubuntu1) 8.1.1
Copyright (C) 2018 Free Software Foundation, Inc.
License GPLv3+: GNU GPL version 3 or later <http://gnu.org/licenses/gpl.html>
This is free software: you are free to change and redistribute it.
There is NO WARRANTY, to the extent permitted by law.  Type "show copying"
and "show warranty" for details.
This GDB was configured as "x86_64-linux-gnu".
Type "show configuration" for configuration details.
For bug reporting instructions, please see:
<http://www.gnu.org/software/gdb/bugs/>.
Find the GDB manual and other documentation resources online at:
<http://www.gnu.org/software/gdb/documentation/>.
For help, type "help".
 
 gcc -g p2original.c
 gdb a.out
GNU gdb (Ubuntu 8.1.1-0ubuntu1) 8.1.1
Copyright (C) 2018 Free Software Foundation, Inc.
License GPLv3+: GNU GPL version 3 or later <http://gnu.org/licenses/gpl.html>
This is free software: you are free to change and redistribute it.
There is NO WARRANTY, to the extent permitted by law.  Type "show copying"
and "show warranty" for details.
This GDB was configured as "x86_64-linux-gnu".
Type "show configuration" for configuration details.
For bug reporting instructions, please see:
<http://www.gnu.org/software/gdb/bugs/>.
Find the GDB manual and other documentation resources online at:
<http://www.gnu.org/software/gdb/documentation/>.
For help, type "help".
Type "apropos word" to search for commands related to "word"...
Reading symbols from a.out...done.
(gdb) b main 
Breakpoint 1 at 0x810: file p2original.c, line 21.
(gdb) r
Starting program: /home/runner/pps-test1-poojas2003-48/a.out 
warning: Error disabling address space randomization: Operation not permitted

Breakpoint 1, main () at p2original.c:21
21  int a=input();
(gdb) s
input () at p2original.c:3
3   {
(gdb) n
5     printf("enter value of a\n");
(gdb) n
enter value of a
6     scanf("%d",&a);
(gdb) n
8
7     return a;
(gdb) p a
$1 = 8
(gdb) n
8   }
(gdb) n
main () at p2original.c:22
22  int b=input();
(gdb) s
input () at p2original.c:3
3   {
(gdb) n
5     printf("enter value of a\n");
(gdb) n
enter value of a
6     scanf("%d",&a);
(gdb) n
2
7     return a;
(gdb) n
8   }
(gdb) n
main () at p2original.c:23
23  int sum=add(a,b);
(gdb) s
add (a=8, b=2) at p2original.c:12
12    sum=a+b;
(gdb) n
13    return sum;
(gdb) n
14  }
(gdb) n
main () at p2original.c:24
24  output(a,b,sum);
(gdb) p sum
$2 = 10
(gdb) n
25  return 0;
(gdb) n
26  }
(gdb) c
Continuing.
sum of 8 + 2 is 10[Inferior 1 (process 257) exited normally]
(gdb) n